// Jest Snapshot v1, https://goo.gl/fbAQLP

exports[`renders correctly 1`] = `
<div
  className="sc-bdnylx cpYBlU"
  color="red"
  onClick={[Function]}
>
   
  Button
   
</div>
`;
