// Jest Snapshot v1, https://goo.gl/fbAQLP

exports[`renders correctly grid 1`] = `
<div
  className="sc-bdnylx ciuggH"
>
   
  <div
    className="sc-gtssRu iIsXHW"
    width={12}
  />
   
</div>
`;
