// Jest Snapshot v1, https://goo.gl/fbAQLP

exports[`renderer 1`] = `
<div
  className="sc-bdnylx jTSfH"
  width={12}
>
  teste
</div>
`;
